// Jest Snapshot v1, https://goo.gl/fbAQLP

exports[`SNAPSHOT snapshot testing 1`] = `undefined`;
